// Jest Snapshot v1, https://goo.gl/fbAQLP

exports[`Button renders correctly 1`] = `
<button
  className="btn btn-lg"
  onClick={[Function]}
  type="button"
>
  click me
</button>
`;
