// Jest Snapshot v1, https://goo.gl/fbAQLP

exports[`Image renders correctly 1`] = `
<img
  alt="default image"
  className="img-responsive"
  src="image.jpg"
/>
`;
